Archive member included to satisfy reference by file (symbol)

C:/ST/STM32CubeIDE_1.12.0/STM32CubeIDE/plugins/com.st.stm32cube.ide.mcu.externaltools.gnu-tools-for-stm32.11.3.rel1.win32_1.1.1.202309131626/tools/bin/../lib/gcc/arm-none-eabi/11.3.1/../../../../arm-none-eabi/lib/thumb/v7-m/nofp\libc_nano.a(libc_a-exit.o)
                              C:/ST/STM32CubeIDE_1.12.0/STM32CubeIDE/plugins/com.st.stm32cube.ide.mcu.externaltools.gnu-tools-for-stm32.11.3.rel1.win32_1.1.1.202309131626/tools/bin/../lib/gcc/arm-none-eabi/11.3.1/../../../../arm-none-eabi/lib/thumb/v7-m/nofp/crt0.o (exit)
C:/ST/STM32CubeIDE_1.12.0/STM32CubeIDE/plugins/com.st.stm32cube.ide.mcu.externaltools.gnu-tools-for-stm32.11.3.rel1.win32_1.1.1.202309131626/tools/bin/../lib/gcc/arm-none-eabi/11.3.1/../../../../arm-none-eabi/lib/thumb/v7-m/nofp\libc_nano.a(libc_a-findfp.o)
                              C:/ST/STM32CubeIDE_1.12.0/STM32CubeIDE/plugins/com.st.stm32cube.ide.mcu.externaltools.gnu-tools-for-stm32.11.3.rel1.win32_1.1.1.202309131626/tools/bin/../lib/gcc/arm-none-eabi/11.3.1/../../../../arm-none-eabi/lib/thumb/v7-m/nofp\libc_nano.a(libc_a-exit.o) (__stdio_exit_handler)
C:/ST/STM32CubeIDE_1.12.0/STM32CubeIDE/plugins/com.st.stm32cube.ide.mcu.externaltools.gnu-tools-for-stm32.11.3.rel1.win32_1.1.1.202309131626/tools/bin/../lib/gcc/arm-none-eabi/11.3.1/../../../../arm-none-eabi/lib/thumb/v7-m/nofp\libc_nano.a(libc_a-fwalk.o)
                              C:/ST/STM32CubeIDE_1.12.0/STM32CubeIDE/plugins/com.st.stm32cube.ide.mcu.externaltools.gnu-tools-for-stm32.11.3.rel1.win32_1.1.1.202309131626/tools/bin/../lib/gcc/arm-none-eabi/11.3.1/../../../../arm-none-eabi/lib/thumb/v7-m/nofp\libc_nano.a(libc_a-findfp.o) (_fwalk_sglue)
C:/ST/STM32CubeIDE_1.12.0/STM32CubeIDE/plugins/com.st.stm32cube.ide.mcu.externaltools.gnu-tools-for-stm32.11.3.rel1.win32_1.1.1.202309131626/tools/bin/../lib/gcc/arm-none-eabi/11.3.1/../../../../arm-none-eabi/lib/thumb/v7-m/nofp\libc_nano.a(libc_a-stdio.o)
                              C:/ST/STM32CubeIDE_1.12.0/STM32CubeIDE/plugins/com.st.stm32cube.ide.mcu.externaltools.gnu-tools-for-stm32.11.3.rel1.win32_1.1.1.202309131626/tools/bin/../lib/gcc/arm-none-eabi/11.3.1/../../../../arm-none-eabi/lib/thumb/v7-m/nofp\libc_nano.a(libc_a-findfp.o) (__sread)
C:/ST/STM32CubeIDE_1.12.0/STM32CubeIDE/plugins/com.st.stm32cube.ide.mcu.externaltools.gnu-tools-for-stm32.11.3.rel1.win32_1.1.1.202309131626/tools/bin/../lib/gcc/arm-none-eabi/11.3.1/../../../../arm-none-eabi/lib/thumb/v7-m/nofp\libc_nano.a(libc_a-memset.o)
                              C:/ST/STM32CubeIDE_1.12.0/STM32CubeIDE/plugins/com.st.stm32cube.ide.mcu.externaltools.gnu-tools-for-stm32.11.3.rel1.win32_1.1.1.202309131626/tools/bin/../lib/gcc/arm-none-eabi/11.3.1/../../../../arm-none-eabi/lib/thumb/v7-m/nofp/crt0.o (memset)
C:/ST/STM32CubeIDE_1.12.0/STM32CubeIDE/plugins/com.st.stm32cube.ide.mcu.externaltools.gnu-tools-for-stm32.11.3.rel1.win32_1.1.1.202309131626/tools/bin/../lib/gcc/arm-none-eabi/11.3.1/../../../../arm-none-eabi/lib/thumb/v7-m/nofp\libc_nano.a(libc_a-closer.o)
                              C:/ST/STM32CubeIDE_1.12.0/STM32CubeIDE/plugins/com.st.stm32cube.ide.mcu.externaltools.gnu-tools-for-stm32.11.3.rel1.win32_1.1.1.202309131626/tools/bin/../lib/gcc/arm-none-eabi/11.3.1/../../../../arm-none-eabi/lib/thumb/v7-m/nofp\libc_nano.a(libc_a-stdio.o) (_close_r)
C:/ST/STM32CubeIDE_1.12.0/STM32CubeIDE/plugins/com.st.stm32cube.ide.mcu.externaltools.gnu-tools-for-stm32.11.3.rel1.win32_1.1.1.202309131626/tools/bin/../lib/gcc/arm-none-eabi/11.3.1/../../../../arm-none-eabi/lib/thumb/v7-m/nofp\libc_nano.a(libc_a-reent.o)
                              C:/ST/STM32CubeIDE_1.12.0/STM32CubeIDE/plugins/com.st.stm32cube.ide.mcu.externaltools.gnu-tools-for-stm32.11.3.rel1.win32_1.1.1.202309131626/tools/bin/../lib/gcc/arm-none-eabi/11.3.1/../../../../arm-none-eabi/lib/thumb/v7-m/nofp\libc_nano.a(libc_a-closer.o) (errno)
C:/ST/STM32CubeIDE_1.12.0/STM32CubeIDE/plugins/com.st.stm32cube.ide.mcu.externaltools.gnu-tools-for-stm32.11.3.rel1.win32_1.1.1.202309131626/tools/bin/../lib/gcc/arm-none-eabi/11.3.1/../../../../arm-none-eabi/lib/thumb/v7-m/nofp\libc_nano.a(libc_a-impure.o)
                              C:/ST/STM32CubeIDE_1.12.0/STM32CubeIDE/plugins/com.st.stm32cube.ide.mcu.externaltools.gnu-tools-for-stm32.11.3.rel1.win32_1.1.1.202309131626/tools/bin/../lib/gcc/arm-none-eabi/11.3.1/../../../../arm-none-eabi/lib/thumb/v7-m/nofp\libc_nano.a(libc_a-reent.o) (_impure_ptr)
C:/ST/STM32CubeIDE_1.12.0/STM32CubeIDE/plugins/com.st.stm32cube.ide.mcu.externaltools.gnu-tools-for-stm32.11.3.rel1.win32_1.1.1.202309131626/tools/bin/../lib/gcc/arm-none-eabi/11.3.1/../../../../arm-none-eabi/lib/thumb/v7-m/nofp\libc_nano.a(libc_a-lseekr.o)
[...]
Memory Configuration

Name             Origin             Length             Attributes
RAM              0x0000000020000000 0x0000000000005000 xrw
FLASH            0x0000000008000000 0x0000000000010000 xr
*default*        0x0000000000000000 0xffffffffffffffff

Linker script and memory map

LOAD C:/ST/STM32CubeIDE_1.12.0/STM32CubeIDE/plugins/com.st.stm32cube.ide.mcu.externaltools.gnu-tools-for-stm32.11.3.rel1.win32_1.1.1.202309131626/tools/bin/../lib/gcc/arm-none-eabi/11.3.1/thumb/v7-m/nofp/crti.o
LOAD C:/ST/STM32CubeIDE_1.12.0/STM32CubeIDE/plugins/com.st.stm32cube.ide.mcu.externaltools.gnu-tools-for-stm32.11.3.rel1.win32_1.1.1.202309131626/tools/bin/../lib/gcc/arm-none-eabi/11.3.1/thumb/v7-m/nofp/crtbegin.o
LOAD C:/ST/STM32CubeIDE_1.12.0/STM32CubeIDE/plugins/com.st.stm32cube.ide.mcu.externaltools.gnu-tools-for-stm32.11.3.rel1.win32_1.1.1.202309131626/tools/bin/../lib/gcc/arm-none-eabi/11.3.1/../../../../arm-none-eabi/lib/thumb/v7-m/nofp/crt0.o
LOAD ./Core/Src/croutine.o
LOAD ./Core/Src/event_groups.o
LOAD ./Core/Src/heap_2.o
LOAD ./Core/Src/list.o
LOAD ./Core/Src/main.o
LOAD ./Core/Src/port.o
LOAD ./Core/Src/queue.o
LOAD ./Core/Src/stm32f1xx_hal_msp.o
LOAD ./Core/Src/stm32f1xx_it.o
LOAD ./Core/Src/syscalls.o
LOAD ./Core/Src/sysmem.o
LOAD ./Core/Src/system_stm32f1xx.o
LOAD ./Core/Src/tasks.o
LOAD ./Core/Src/timers.o
LOAD ./Core/Startup/startup_stm32f103c8tx.o
LOAD ./Drivers/STM32F1xx_HAL_Driver/Src/stm32f1xx_hal.o
LOAD ./Drivers/STM32F1xx_HAL_Driver/Src/stm32f1xx_hal_cortex.o
LOAD ./Drivers/STM32F1xx_HAL_Driver/Src/stm32f1xx_hal_dma.o
LOAD ./Drivers/STM32F1xx_HAL_Driver/Src/stm32f1xx_hal_exti.o
LOAD ./Drivers/STM32F1xx_HAL_Driver/Src/stm32f1xx_hal_flash.o
LOAD ./Drivers/STM32F1xx_HAL_Driver/Src/stm32f1xx_hal_flash_ex.o
LOAD ./Drivers/STM32F1xx_HAL_Driver/Src/stm32f1xx_hal_gpio.o
LOAD ./Drivers/STM32F1xx_HAL_Driver/Src/stm32f1xx_hal_gpio_ex.o
LOAD ./Drivers/STM32F1xx_HAL_Driver/Src/stm32f1xx_hal_pwr.o
LOAD ./Drivers/STM32F1xx_HAL_Driver/Src/stm32f1xx_hal_rcc.o
LOAD ./Drivers/STM32F1xx_HAL_Driver/Src/stm32f1xx_hal_rcc_ex.o
START GROUP
LOAD C:/ST/STM32CubeIDE_1.12.0/STM32CubeIDE/plugins/com.st.stm32cube.ide.mcu.externaltools.gnu-tools-for-stm32.11.3.rel1.win32_1.1.1.202309131626/tools/bin/../lib/gcc/arm-none-eabi/11.3.1/../../../../arm-none-eabi/lib/thumb/v7-m/nofp\libstdc++_nano.a
LOAD C:/ST/STM32CubeIDE_1.12.0/STM32CubeIDE/plugins/com.st.stm32cube.ide.mcu.externaltools.gnu-tools-for-stm32.11.3.rel1.win32_1.1.1.202309131626/tools/bin/../lib/gcc/arm-none-eabi/11.3.1/../../../../arm-none-eabi/lib/thumb/v7-m/nofp\libsupc++_nano.a
END GROUP
LOAD C:/ST/STM32CubeIDE_1.12.0/STM32CubeIDE/plugins/com.st.stm32cube.ide.mcu.externaltools.gnu-tools-for-stm32.11.3.rel1.win32_1.1.1.202309131626/tools/bin/../lib/gcc/arm-none-eabi/11.3.1/../../../../arm-none-eabi/lib/thumb/v7-m/nofp\libstdc++_nano.a
LOAD C:/ST/STM32CubeIDE_1.12.0/STM32CubeIDE/plugins/com.st.stm32cube.ide.mcu.externaltools.gnu-tools-for-stm32.11.3.rel1.win32_1.1.1.202309131626/tools/bin/../lib/gcc/arm-none-eabi/11.3.1/../../../../arm-none-eabi/lib/thumb/v7-m/nofp\libm.a
LOAD C:/ST/STM32CubeIDE_1.12.0/STM32CubeIDE/plugins/com.st.stm32cube.ide.mcu.externaltools.gnu-tools-for-stm32.11.3.rel1.win32_1.1.1.202309131626/tools/bin/../lib/gcc/arm-none-eabi/11.3.1/../../../../arm-none-eabi/lib/thumb/v7-m/nofp\libc_nano.a
START GROUP
LOAD C:/ST/STM32CubeIDE_1.12.0/STM32CubeIDE/plugins/com.st.stm32cube.ide.mcu.externaltools.gnu-tools-for-stm32.11.3.rel1.win32_1.1.1.202309131626/tools/bin/../lib/gcc/arm-none-eabi/11.3.1/thumb/v7-m/nofp\libgcc.a
LOAD C:/ST/STM32CubeIDE_1.12.0/STM32CubeIDE/plugins/com.st.stm32cube.ide.mcu.externaltools.gnu-tools-for-stm32.11.3.rel1.win32_1.1.1.202309131626/tools/bin/../lib/gcc/arm-none-eabi/11.3.1/../../../../arm-none-eabi/lib/thumb/v7-m/nofp\libc_nano.a
END GROUP
START GROUP
LOAD C:/ST/STM32CubeIDE_1.12.0/STM32CubeIDE/plugins/com.st.stm32cube.ide.mcu.externaltools.gnu-tools-for-stm32.11.3.rel1.win32_1.1.1.202309131626/tools/bin/../lib/gcc/arm-none-eabi/11.3.1/thumb/v7-m/nofp\libgcc.a
LOAD C:/ST/STM32CubeIDE_1.12.0/STM32CubeIDE/plugins/com.st.stm32cube.ide.mcu.externaltools.gnu-tools-for-stm32.11.3.rel1.win32_1.1.1.202309131626/tools/bin/../lib/gcc/arm-none-eabi/11.3.1/../../../../arm-none-eabi/lib/thumb/v7-m/nofp\libc_nano.a
LOAD C:/ST/STM32CubeIDE_1.12.0/STM32CubeIDE/plugins/com.st.stm32cube.ide.mcu.externaltools.gnu-tools-for-stm32.11.3.rel1.win32_1.1.1.202309131626/tools/bin/../lib/gcc/arm-none-eabi/11.3.1/../../../../arm-none-eabi/lib/thumb/v7-m/nofp\libnosys.a
END GROUP
START GROUP
LOAD C:/ST/STM32CubeIDE_1.12.0/STM32CubeIDE/plugins/com.st.stm32cube.ide.mcu.externaltools.gnu-tools-for-stm32.11.3.rel1.win32_1.1.1.202309131626/tools/bin/../lib/gcc/arm-none-eabi/11.3.1/thumb/v7-m/nofp\libgcc.a
LOAD C:/ST/STM32CubeIDE_1.12.0/STM32CubeIDE/plugins/com.st.stm32cube.ide.mcu.externaltools.gnu-tools-for-stm32.11.3.rel1.win32_1.1.1.202309131626/tools/bin/../lib/gcc/arm-none-eabi/11.3.1/../../../../arm-none-eabi/lib/thumb/v7-m/nofp\libc_nano.a
LOAD C:/ST/STM32CubeIDE_1.12.0/STM32CubeIDE/plugins/com.st.stm32cube.ide.mcu.externaltools.gnu-tools-for-stm32.11.3.rel1.win32_1.1.1.202309131626/tools/bin/../lib/gcc/arm-none-eabi/11.3.1/../../../../arm-none-eabi/lib/thumb/v7-m/nofp\libnosys.a
END GROUP
LOAD C:/ST/STM32CubeIDE_1.12.0/STM32CubeIDE/plugins/com.st.stm32cube.ide.mcu.externaltools.gnu-tools-for-stm32.11.3.rel1.win32_1.1.1.202309131626/tools/bin/../lib/gcc/arm-none-eabi/11.3.1/thumb/v7-m/nofp/crtend.o
LOAD C:/ST/STM32CubeIDE_1.12.0/STM32CubeIDE/plugins/com.st.stm32cube.ide.mcu.externaltools.gnu-tools-for-stm32.11.3.rel1.win32_1.1.1.202309131626/tools/bin/../lib/gcc/arm-none-eabi/11.3.1/thumb/v7-m/nofp/crtn.o
                0x0000000020005000                _estack = (ORIGIN (RAM) + LENGTH (RAM))
                0x0000000000000200                _Min_Heap_Size = 0x200
                0x0000000000000400                _Min_Stack_Size = 0x400

.isr_vector     0x0000000008000000      0x10c
                0x0000000008000000                . = ALIGN (0x4)
 *(.isr_vector)
 .isr_vector    0x0000000008000000      0x10c ./Core/Startup/startup_stm32f103c8tx.o
                0x0000000008000000                g_pfnVectors
                0x000000000800010c                . = ALIGN (0x4)

.text           0x0000000008000110     0x1a10
                0x0000000008000110                . = ALIGN (0x4)
 *(.text)
 .text          0x0000000008000110       0x40 C:/ST/STM32CubeIDE_1.12.0/STM32CubeIDE/plugins/com.st.stm32cube.ide.mcu.externaltools.gnu-tools-for-stm32.11.3.rel1.win32_1.1.1.202309131626/tools/bin/../lib/gcc/arm-none-eabi/11.3.1/thumb/v7-m/nofp/crtbegin.o
 *(.text*)
 .text.pvPortMalloc
                0x0000000008000150      0x11c ./Core/Src/heap_2.o
                0x0000000008000150                pvPortMalloc
 .text.vPortFree
                0x000000000800026c       0x74 ./Core/Src/heap_2.o
                0x000000000800026c                vPortFree
 .text.prvHeapInit
                0x00000000080002e0       0x50 ./Core/Src/heap_2.o
 .text.vListInitialise
                0x0000000008000330       0x3e ./Core/Src/list.o
                0x0000000008000330                vListInitialise
 .text.vListInitialiseItem
                0x000000000800036e       0x18 ./Core/Src/list.o
                0x000000000800036e                vListInitialiseItem
 .text.vListInsertEnd
                0x0000000008000386       0x46 ./Core/Src/list.o
                0x0000000008000386                vListInsertEnd
 .text.vListInsert
                0x00000000080003cc       0x70 ./Core/Src/list.o
                0x00000000080003cc                vListInsert
 .text.uxListRemove
                0x000000000800043c       0x52 ./Core/Src/list.o
                0x000000000800043c                uxListRemove
 *fill*         0x000000000800048e        0x2 
 .text.vBlueLedTask
                0x0000000008000490       0x44 ./Core/Src/main.o
                0x0000000008000490                vBlueLedTask
 .text.vGreenLedTask
                0x00000000080004d4       0x3c ./Core/Src/main.o
                0x00000000080004d4                vGreenLedTask
 .text.main     0x0000000008000510       0x7c ./Core/Src/main.o
                0x0000000008000510                main
 .text.pxPortInitialiseStack
                0x000000000800058c       0x58 ./Core/Src/port.o
                0x000000000800058c                pxPortInitialiseStack
 .text.prvTaskExitError
                0x00000000080005e4       0x1c ./Core/Src/port.o
 .text.SVC_Handler
                0x0000000008000600       0x28 ./Core/Src/port.o
                0x0000000008000600                SVC_Handler
 .text.prvPortStartFirstTask
                0x0000000008000628       0x20 ./Core/Src/port.o
 .text.xPortStartScheduler
                0x0000000008000648       0x3c ./Core/Src/port.o
                0x0000000008000648                xPortStartScheduler
 .text.vPortEnterCritical
                0x0000000008000684       0x34 ./Core/Src/port.o
                0x0000000008000684                vPortEnterCritical
 .text.vPortExitCritical
                0x00000000080006b8       0x34 ./Core/Src/port.o
                0x00000000080006b8                vPortExitCritical
 *fill*         0x00000000080006ec        0x4 
 .text.PendSV_Handler
                0x00000000080006f0       0x48 ./Core/Src/port.o
                0x00000000080006f0                PendSV_Handler
 .text.SysTick_Handler
                0x0000000008000738       0x44 ./Core/Src/port.o
                0x0000000008000738                SysTick_Handler
 .text.vPortSetupTimerInterrupt
                0x000000000800077c       0x24 ./Core/Src/port.o
                0x000000000800077c                vPortSetupTimerInterrupt
 .text.xQueueGenericReset
                0x00000000080007a0       0xb4 ./Core/Src/queue.o
                0x00000000080007a0                xQueueGenericReset
 .text.xQueueGenericCreate
                0x0000000008000854       0x58 ./Core/Src/queue.o
                0x0000000008000854                xQueueGenericCreate
 .text.prvInitialiseNewQueue
                0x00000000080008ac       0x46 ./Core/Src/queue.o
 *fill*         0x00000000080008f2        0x2 
 .text.xQueueGenericSend
                0x00000000080008f4      0x154 ./Core/Src/queue.o
                0x00000000080008f4                xQueueGenericSend
 .text.xQueueGenericReceive
                0x0000000008000a48      0x1b0 ./Core/Src/queue.o
                0x0000000008000a48                xQueueGenericReceive
 .text.prvCopyDataToQueue
                0x0000000008000bf8       0xd4 ./Core/Src/queue.o
 .text.prvCopyDataFromQueue
                0x0000000008000ccc       0x4c ./Core/Src/queue.o
 .text.prvUnlockQueue
                0x0000000008000d18       0xa4 ./Core/Src/queue.o
 .text.prvIsQueueEmpty
                0x0000000008000dbc       0x2c ./Core/Src/queue.o
 .text.prvIsQueueFull
                0x0000000008000de8       0x30 ./Core/Src/queue.o
 .text.NMI_Handler
                0x0000000008000e18        0x6 ./Core/Src/stm32f1xx_it.o
                0x0000000008000e18                NMI_Handler
 .text.HardFault_Handler
                0x0000000008000e1e        0x6 ./Core/Src/stm32f1xx_it.o
                0x0000000008000e1e                HardFault_Handler
 .text.MemManage_Handler
                0x0000000008000e24        0x6 ./Core/Src/stm32f1xx_it.o
                0x0000000008000e24                MemManage_Handler
 .text.BusFault_Handler
                0x0000000008000e2a        0x6 ./Core/Src/stm32f1xx_it.o
                0x0000000008000e2a                BusFault_Handler
 .text.UsageFault_Handler
                0x0000000008000e30        0x6 ./Core/Src/stm32f1xx_it.o
                0x0000000008000e30                UsageFault_Handler
 .text.DebugMon_Handler
                0x0000000008000e36        0xc ./Core/Src/stm32f1xx_it.o
                0x0000000008000e36                DebugMon_Handler
 .text.SystemInit
                0x0000000008000e42        0xc ./Core/Src/system_stm32f1xx.o
                0x0000000008000e42                SystemInit
 .text.xTaskCreate
                0x0000000008000e4e       0x82 ./Core/Src/tasks.o
                0x0000000008000e4e                xTaskCreate
 .text.prvInitialiseNewTask
                0x0000000008000ed0       0xee ./Core/Src/tasks.o
 *fill*         0x0000000008000fbe        0x2 
 .text.prvAddNewTaskToReadyList
                0x0000000008000fc0       0xdc ./Core/Src/tasks.o
 .text.vTaskDelay
                0x000000000800109c       0x48 ./Core/Src/tasks.o
                0x000000000800109c                vTaskDelay
 .text.vTaskStartScheduler
                0x00000000080010e4       0x70 ./Core/Src/tasks.o
                0x00000000080010e4                vTaskStartScheduler
 .text.vTaskSuspendAll
                0x0000000008001154       0x1c ./Core/Src/tasks.o
                0x0000000008001154                vTaskSuspendAll
 .text.xTaskResumeAll
                0x0000000008001170      0x11c ./Core/Src/tasks.o
                0x0000000008001170                xTaskResumeAll
 .text.xTaskIncrementTick
                0x000000000800128c      0x158 ./Core/Src/tasks.o
                0x000000000800128c                xTaskIncrementTick
 .text.vTaskSwitchContext
                0x00000000080013e4       0x8c ./Core/Src/tasks.o
                0x00000000080013e4                vTaskSwitchContext
 .text.vTaskPlaceOnEventList
                0x0000000008001470       0x2c ./Core/Src/tasks.o
                0x0000000008001470                vTaskPlaceOnEventList
 .text.xTaskRemoveFromEventList
                0x000000000800149c       0xa8 ./Core/Src/tasks.o
                0x000000000800149c                xTaskRemoveFromEventList
 .text.vTaskSetTimeOutState
                0x0000000008001544       0x2c ./Core/Src/tasks.o
                0x0000000008001544                vTaskSetTimeOutState
 .text.xTaskCheckForTimeOut
                0x0000000008001570       0x88 ./Core/Src/tasks.o
                0x0000000008001570                xTaskCheckForTimeOut
 .text.vTaskMissedYield
                0x00000000080015f8       0x18 ./Core/Src/tasks.o
                0x00000000080015f8                vTaskMissedYield
 .text.prvIdleTask
                0x0000000008001610       0x30 ./Core/Src/tasks.o
 .text.prvInitialiseTaskLists
                0x0000000008001640       0x80 ./Core/Src/tasks.o
 .text.prvCheckTasksWaitingTermination
                0x00000000080016c0       0x78 ./Core/Src/tasks.o
 .text.prvDeleteTCB
                0x0000000008001738       0x20 ./Core/Src/tasks.o
 .text.prvResetNextTaskUnblockTime
                0x0000000008001758       0x48 ./Core/Src/tasks.o
 .text.vTaskPriorityInherit
                0x00000000080017a0       0xec ./Core/Src/tasks.o
                0x00000000080017a0                vTaskPriorityInherit
 .text.xTaskPriorityDisinherit
                0x000000000800188c       0xc8 ./Core/Src/tasks.o
                0x000000000800188c                xTaskPriorityDisinherit
 .text.pvTaskIncrementMutexHeldCount
                0x0000000008001954       0x28 ./Core/Src/tasks.o
                0x0000000008001954                pvTaskIncrementMutexHeldCount
 .text.prvAddCurrentTaskToDelayedList
                0x000000000800197c       0xcc ./Core/Src/tasks.o
 .text.Reset_Handler
                0x0000000008001a48       0x48 ./Core/Startup/startup_stm32f103c8tx.o
                0x0000000008001a48                Reset_Handler
 .text.Default_Handler
                0x0000000008001a90        0x2 ./Core/Startup/startup_stm32f103c8tx.o
                0x0000000008001a90                RTC_Alarm_IRQHandler
                0x0000000008001a90                EXTI2_IRQHandler
                0x0000000008001a90                TIM1_CC_IRQHandler
                0x0000000008001a90                PVD_IRQHandler
                0x0000000008001a90                EXTI3_IRQHandler
                0x0000000008001a90                EXTI0_IRQHandler
                0x0000000008001a90                I2C2_EV_IRQHandler
                0x0000000008001a90                ADC1_2_IRQHandler
                0x0000000008001a90                SPI1_IRQHandler
                0x0000000008001a90                TAMPER_IRQHandler
                0x0000000008001a90                DMA1_Channel4_IRQHandler
                0x0000000008001a90                USART3_IRQHandler
                0x0000000008001a90                RTC_IRQHandler
                0x0000000008001a90                DMA1_Channel7_IRQHandler
                0x0000000008001a90                CAN1_RX1_IRQHandler
                0x0000000008001a90                TIM4_IRQHandler
                0x0000000008001a90                I2C1_EV_IRQHandler
                0x0000000008001a90                DMA1_Channel6_IRQHandler
                0x0000000008001a90                TIM3_IRQHandler
                0x0000000008001a90                RCC_IRQHandler
                0x0000000008001a90                TIM1_TRG_COM_IRQHandler
                0x0000000008001a90                DMA1_Channel1_IRQHandler
                0x0000000008001a90                Default_Handler
                0x0000000008001a90                EXTI15_10_IRQHandler
                0x0000000008001a90                EXTI9_5_IRQHandler
                0x0000000008001a90                SPI2_IRQHandler
                0x0000000008001a90                DMA1_Channel5_IRQHandler
                0x0000000008001a90                EXTI4_IRQHandler
                0x0000000008001a90                USB_LP_CAN1_RX0_IRQHandler
                0x0000000008001a90                USB_HP_CAN1_TX_IRQHandler
                0x0000000008001a90                DMA1_Channel3_IRQHandler
                0x0000000008001a90                TIM1_UP_IRQHandler
                0x0000000008001a90                WWDG_IRQHandler
                0x0000000008001a90                TIM2_IRQHandler
                0x0000000008001a90                TIM1_BRK_IRQHandler
                0x0000000008001a90                EXTI1_IRQHandler
                0x0000000008001a90                USART2_IRQHandler
                0x0000000008001a90                I2C2_ER_IRQHandler
                0x0000000008001a90                DMA1_Channel2_IRQHandler
                0x0000000008001a90                CAN1_SCE_IRQHandler
                0x0000000008001a90                FLASH_IRQHandler
                0x0000000008001a90                USART1_IRQHandler
                0x0000000008001a90                I2C1_ER_IRQHandler
                0x0000000008001a90                USBWakeUp_IRQHandler
 .text.memset   0x0000000008001a92       0x10 C:/ST/STM32CubeIDE_1.12.0/STM32CubeIDE/plugins/com.st.stm32cube.ide.mcu.externaltools.gnu-tools-for-stm32.11.3.rel1.win32_1.1.1.202309131626/tools/bin/../lib/gcc/arm-none-eabi/11.3.1/../../../../arm-none-eabi/lib/thumb/v7-m/nofp\libc_nano.a(libc_a-memset.o)
                0x0000000008001a92                memset
 *fill*         0x0000000008001aa2        0x2 
 .text.__libc_init_array
                0x0000000008001aa4       0x48 C:/ST/STM32CubeIDE_1.12.0/STM32CubeIDE/plugins/com.st.stm32cube.ide.mcu.externaltools.gnu-tools-for-stm32.11.3.rel1.win32_1.1.1.202309131626/tools/bin/../lib/gcc/arm-none-eabi/11.3.1/../../../../arm-none-eabi/lib/thumb/v7-m/nofp\libc_nano.a(libc_a-init.o)
                0x0000000008001aa4                __libc_init_array
 .text.memcpy   0x0000000008001aec       0x1c C:/ST/STM32CubeIDE_1.12.0/STM32CubeIDE/plugins/com.st.stm32cube.ide.mcu.externaltools.gnu-tools-for-stm32.11.3.rel1.win32_1.1.1.202309131626/tools/bin/../lib/gcc/arm-none-eabi/11.3.1/../../../../arm-none-eabi/lib/thumb/v7-m/nofp\libc_nano.a(libc_a-memcpy-stub.o)
                0x0000000008001aec                memcpy
 *(.glue_7)
 .glue_7        0x0000000008001b08        0x0 linker stubs
 *(.glue_7t)
 .glue_7t       0x0000000008001b08        0x0 linker stubs
 *(.eh_frame)
 .eh_frame      0x0000000008001b08        0x0 C:/ST/STM32CubeIDE_1.12.0/STM32CubeIDE/plugins/com.st.stm32cube.ide.mcu.externaltools.gnu-tools-for-stm32.11.3.rel1.win32_1.1.1.202309131626/tools/bin/../lib/gcc/arm-none-eabi/11.3.1/thumb/v7-m/nofp/crtbegin.o
 *(.init)
 .init          0x0000000008001b08        0x4 C:/ST/STM32CubeIDE_1.12.0/STM32CubeIDE/plugins/com.st.stm32cube.ide.mcu.externaltools.gnu-tools-for-stm32.11.3.rel1.win32_1.1.1.202309131626/tools/bin/../lib/gcc/arm-none-eabi/11.3.1/thumb/v7-m/nofp/crti.o
                0x0000000008001b08                _init
 .init          0x0000000008001b0c        0x8 C:/ST/STM32CubeIDE_1.12.0/STM32CubeIDE/plugins/com.st.stm32cube.ide.mcu.externaltools.gnu-tools-for-stm32.11.3.rel1.win32_1.1.1.202309131626/tools/bin/../lib/gcc/arm-none-eabi/11.3.1/thumb/v7-m/nofp/crtn.o
 *(.fini)
 .fini          0x0000000008001b14        0x4 C:/ST/STM32CubeIDE_1.12.0/STM32CubeIDE/plugins/com.st.stm32cube.ide.mcu.externaltools.gnu-tools-for-stm32.11.3.rel1.win32_1.1.1.202309131626/tools/bin/../lib/gcc/arm-none-eabi/11.3.1/thumb/v7-m/nofp/crti.o
                0x0000000008001b14                _fini
 .fini          0x0000000008001b18        0x8 C:/ST/STM32CubeIDE_1.12.0/STM32CubeIDE/plugins/com.st.stm32cube.ide.mcu.externaltools.gnu-tools-for-stm32.11.3.rel1.win32_1.1.1.202309131626/tools/bin/../lib/gcc/arm-none-eabi/11.3.1/thumb/v7-m/nofp/crtn.o
                0x0000000008001b20                . = ALIGN (0x4)
                0x0000000008001b20                _etext = .

.vfp11_veneer   0x0000000008001b20        0x0
 .vfp11_veneer  0x0000000008001b20        0x0 linker stubs

.v4_bx          0x0000000008001b20        0x0
 .v4_bx         0x0000000008001b20        0x0 linker stubs

.iplt           0x0000000008001b20        0x0
 .iplt          0x0000000008001b20        0x0 C:/ST/STM32CubeIDE_1.12.0/STM32CubeIDE/plugins/com.st.stm32cube.ide.mcu.externaltools.gnu-tools-for-stm32.11.3.rel1.win32_1.1.1.202309131626/tools/bin/../lib/gcc/arm-none-eabi/11.3.1/thumb/v7-m/nofp/crtbegin.o

.rodata         0x0000000008001b20       0x18
                0x0000000008001b20                . = ALIGN (0x4)
 *(.rodata)
 .rodata        0x0000000008001b20        0xf ./Core/Src/main.o
 *fill*         0x0000000008001b2f        0x1 
 .rodata        0x0000000008001b30        0x5 ./Core/Src/tasks.o
 *(.rodata*)
                0x0000000008001b38                . = ALIGN (0x4)
 *fill*         0x0000000008001b35        0x3 

.rel.dyn        0x0000000008001b38        0x0
 .rel.iplt      0x0000000008001b38        0x0 C:/ST/STM32CubeIDE_1.12.0/STM32CubeIDE/plugins/com.st.stm32cube.ide.mcu.externaltools.gnu-tools-for-stm32.11.3.rel1.win32_1.1.1.202309131626/tools/bin/../lib/gcc/arm-none-eabi/11.3.1/thumb/v7-m/nofp/crtbegin.o

.ARM.extab      0x0000000008001b38        0x0
                0x0000000008001b38                . = ALIGN (0x4)
 *(.ARM.extab* .gnu.linkonce.armextab.*)
                0x0000000008001b38                . = ALIGN (0x4)

.ARM            0x0000000008001b38        0x0
                0x0000000008001b38                . = ALIGN (0x4)
                0x0000000008001b38                __exidx_start = .
 *(.ARM.exidx*)
                0x0000000008001b38                __exidx_end = .
                0x0000000008001b38                . = ALIGN (0x4)

.preinit_array  0x0000000008001b38        0x0
                0x0000000008001b38                . = ALIGN (0x4)
                0x0000000008001b38                PROVIDE (__preinit_array_start = .)
 *(.preinit_array*)
                0x0000000008001b38                PROVIDE (__preinit_array_end = .)
                0x0000000008001b38                . = ALIGN (0x4)

.init_array     0x0000000008001b38        0x4
                0x0000000008001b38                . = ALIGN (0x4)
                0x0000000008001b38                PROVIDE (__init_array_start = .)
 *(SORT_BY_NAME(.init_array.*))
 *(.init_array*)
 .init_array    0x0000000008001b38        0x4 C:/ST/STM32CubeIDE_1.12.0/STM32CubeIDE/plugins/com.st.stm32cube.ide.mcu.externaltools.gnu-tools-for-stm32.11.3.rel1.win32_1.1.1.202309131626/tools/bin/../lib/gcc/arm-none-eabi/11.3.1/thumb/v7-m/nofp/crtbegin.o
                0x0000000008001b3c                PROVIDE (__init_array_end = .)
                0x0000000008001b3c                . = ALIGN (0x4)

.fini_array     0x0000000008001b3c        0x4
                0x0000000008001b3c                . = ALIGN (0x4)
                [!provide]                        PROVIDE (__fini_array_start = .)
 *(SORT_BY_NAME(.fini_array.*))
 *(.fini_array*)
 .fini_array    0x0000000008001b3c        0x4 C:/ST/STM32CubeIDE_1.12.0/STM32CubeIDE/plugins/com.st.stm32cube.ide.mcu.externaltools.gnu-tools-for-stm32.11.3.rel1.win32_1.1.1.202309131626/tools/bin/../lib/gcc/arm-none-eabi/11.3.1/thumb/v7-m/nofp/crtbegin.o
                [!provide]                        PROVIDE (__fini_array_end = .)
                0x0000000008001b40                . = ALIGN (0x4)
                0x0000000008001b40                _sidata = LOADADDR (.data)

.data           0x0000000020000000        0x8 load address 0x0000000008001b40
                0x0000000020000000                . = ALIGN (0x4)
                0x0000000020000000                _sdata = .
 *(.data)
 *(.data*)
 .data.xFreeBytesRemaining
                0x0000000020000000        0x4 ./Core/Src/heap_2.o
 .data.uxCriticalNesting
                0x0000000020000004        0x4 ./Core/Src/port.o
 *(.RamFunc)
 *(.RamFunc*)
                0x0000000020000008                . = ALIGN (0x4)
                0x0000000020000008                _edata = .

.igot.plt       0x0000000020000008        0x0 load address 0x0000000008001b48
 .igot.plt      0x0000000020000008        0x0 C:/ST/STM32CubeIDE_1.12.0/STM32CubeIDE/plugins/com.st.stm32cube.ide.mcu.externaltools.gnu-tools-for-stm32.11.3.rel1.win32_1.1.1.202309131626/tools/bin/../lib/gcc/arm-none-eabi/11.3.1/thumb/v7-m/nofp/crtbegin.o
                0x0000000020000008                . = ALIGN (0x4)

.bss            0x0000000020000008     0x294c load address 0x0000000008001b48
                0x0000000020000008                _sbss = .
                0x0000000020000008                __bss_start__ = _sbss
 *(.bss)
 .bss           0x0000000020000008       0x1c C:/ST/STM32CubeIDE_1.12.0/STM32CubeIDE/plugins/com.st.stm32cube.ide.mcu.externaltools.gnu-tools-for-stm32.11.3.rel1.win32_1.1.1.202309131626/tools/bin/../lib/gcc/arm-none-eabi/11.3.1/thumb/v7-m/nofp/crtbegin.o
 *(.bss*)
 .bss.ucHeap    0x0000000020000024     0x2800 ./Core/Src/heap_2.o
 .bss.xStart    0x0000000020002824        0x8 ./Core/Src/heap_2.o
 .bss.xEnd      0x000000002000282c        0x8 ./Core/Src/heap_2.o
 .bss.xHeapHasBeenInitialised.0
                0x0000000020002834        0x4 ./Core/Src/heap_2.o
 .bss.xQueue    0x0000000020002838        0x4 ./Core/Src/main.o
                0x0000000020002838                xQueue
 .bss.pxCurrentTCB
                0x000000002000283c        0x4 ./Core/Src/tasks.o
                0x000000002000283c                pxCurrentTCB
 .bss.pxReadyTasksLists
                0x0000000020002840       0x78 ./Core/Src/tasks.o
 .bss.xDelayedTaskList1
                0x00000000200028b8       0x14 ./Core/Src/tasks.o
 .bss.xDelayedTaskList2
                0x00000000200028cc       0x14 ./Core/Src/tasks.o
 .bss.pxDelayedTaskList
                0x00000000200028e0        0x4 ./Core/Src/tasks.o
 .bss.pxOverflowDelayedTaskList
                0x00000000200028e4        0x4 ./Core/Src/tasks.o
 .bss.xPendingReadyList
                0x00000000200028e8       0x14 ./Core/Src/tasks.o
 .bss.xTasksWaitingTermination
                0x00000000200028fc       0x14 ./Core/Src/tasks.o
 .bss.uxDeletedTasksWaitingCleanUp
                0x0000000020002910        0x4 ./Core/Src/tasks.o
 .bss.xSuspendedTaskList
                0x0000000020002914       0x14 ./Core/Src/tasks.o
 .bss.uxCurrentNumberOfTasks
                0x0000000020002928        0x4 ./Core/Src/tasks.o
 .bss.xTickCount
                0x000000002000292c        0x4 ./Core/Src/tasks.o
 .bss.uxTopReadyPriority
                0x0000000020002930        0x4 ./Core/Src/tasks.o
 .bss.xSchedulerRunning
                0x0000000020002934        0x4 ./Core/Src/tasks.o
 .bss.uxPendedTicks
                0x0000000020002938        0x4 ./Core/Src/tasks.o
 .bss.xYieldPending
                0x000000002000293c        0x4 ./Core/Src/tasks.o
 .bss.xNumOfOverflows
                0x0000000020002940        0x4 ./Core/Src/tasks.o
 .bss.uxTaskNumber
                0x0000000020002944        0x4 ./Core/Src/tasks.o
 .bss.xNextTaskUnblockTime
                0x0000000020002948        0x4 ./Core/Src/tasks.o
 .bss.xIdleTaskHandle
                0x000000002000294c        0x4 ./Core/Src/tasks.o
 .bss.uxSchedulerSuspended
                0x0000000020002950        0x4 ./Core/Src/tasks.o
 *(COMMON)
                0x0000000020002954                . = ALIGN (0x4)
                0x0000000020002954                _ebss = .
                0x0000000020002954                __bss_end__ = _ebss

._user_heap_stack
                0x0000000020002954      0x604 load address 0x0000000008001b48
                0x0000000020002958                . = ALIGN (0x8)
 *fill*         0x0000000020002954        0x4 
                [!provide]                        PROVIDE (end = .)
                0x0000000020002958                PROVIDE (_end = .)
                0x0000000020002b58                . = (. + _Min_Heap_Size)
 *fill*         0x0000000020002958      0x200 
                0x0000000020002f58                . = (. + _Min_Stack_Size)
 *fill*         0x0000000020002b58      0x400 
                0x0000000020002f58                . = ALIGN (0x8)

/DISCARD/
 libc.a(*)
 libm.a(*)
 libgcc.a(*)

.ARM.attributes
                0x0000000000000000       0x29
 *(.ARM.attributes)
 .ARM.attributes
                0x0000000000000000       0x1d C:/ST/STM32CubeIDE_1.12.0/STM32CubeIDE/plugins/com.st.stm32cube.ide.mcu.externaltools.gnu-tools-for-stm32.11.3.rel1.win32_1.1.1.202309131626/tools/bin/../lib/gcc/arm-none-eabi/11.3.1/thumb/v7-m/nofp/crti.o
 .ARM.attributes
                0x000000000000001d       0x2d C:/ST/STM32CubeIDE_1.12.0/STM32CubeIDE/plugins/com.st.stm32cube.ide.mcu.externaltools.gnu-tools-for-stm32.11.3.rel1.win32_1.1.1.202309131626/tools/bin/../lib/gcc/arm-none-eabi/11.3.1/thumb/v7-m/nofp/crtbegin.o
 .ARM.attributes
                0x000000000000004a       0x2d ./Core/Src/heap_2.o
 .ARM.attributes
                0x0000000000000077       0x2d ./Core/Src/list.o
 .ARM.attributes
                0x00000000000000a4       0x2d ./Core/Src/main.o
 .ARM.attributes
                0x00000000000000d1       0x2d ./Core/Src/port.o
 .ARM.attributes
                0x00000000000000fe       0x2d ./Core/Src/queue.o
 .ARM.attributes
                0x000000000000012b       0x2d ./Core/Src/stm32f1xx_it.o
 .ARM.attributes
                0x0000000000000158       0x2d ./Core/Src/system_stm32f1xx.o
 .ARM.attributes
                0x0000000000000185       0x2d ./Core/Src/tasks.o
 .ARM.attributes
                0x00000000000001b2       0x21 ./Core/Startup/startup_stm32f103c8tx.o
 .ARM.attributes
                0x00000000000001d3       0x2d C:/ST/STM32CubeIDE_1.12.0/STM32CubeIDE/plugins/com.st.stm32cube.ide.mcu.externaltools.gnu-tools-for-stm32.11.3.rel1.win32_1.1.1.202309131626/tools/bin/../lib/gcc/arm-none-eabi/11.3.1/../../../../arm-none-eabi/lib/thumb/v7-m/nofp\libc_nano.a(libc_a-memset.o)
 .ARM.attributes
                0x0000000000000200       0x2d C:/ST/STM32CubeIDE_1.12.0/STM32CubeIDE/plugins/com.st.stm32cube.ide.mcu.externaltools.gnu-tools-for-stm32.11.3.rel1.win32_1.1.1.202309131626/tools/bin/../lib/gcc/arm-none-eabi/11.3.1/../../../../arm-none-eabi/lib/thumb/v7-m/nofp\libc_nano.a(libc_a-init.o)
 .ARM.attributes
                0x000000000000022d       0x2d C:/ST/STM32CubeIDE_1.12.0/STM32CubeIDE/plugins/com.st.stm32cube.ide.mcu.externaltools.gnu-tools-for-stm32.11.3.rel1.win32_1.1.1.202309131626/tools/bin/../lib/gcc/arm-none-eabi/11.3.1/../../../../arm-none-eabi/lib/thumb/v7-m/nofp\libc_nano.a(libc_a-memcpy-stub.o)
 .ARM.attributes
                0x000000000000025a       0x1d C:/ST/STM32CubeIDE_1.12.0/STM32CubeIDE/plugins/com.st.stm32cube.ide.mcu.externaltools.gnu-tools-for-stm32.11.3.rel1.win32_1.1.1.202309131626/tools/bin/../lib/gcc/arm-none-eabi/11.3.1/thumb/v7-m/nofp/crtn.o
OUTPUT(RTOS_TEST.elf elf32-littlearm)
LOAD linker stubs
LOAD C:/ST/STM32CubeIDE_1.12.0/STM32CubeIDE/plugins/com.st.stm32cube.ide.mcu.externaltools.gnu-tools-for-stm32.11.3.rel1.win32_1.1.1.202309131626/tools/bin/../lib/gcc/arm-none-eabi/11.3.1/../../../../arm-none-eabi/lib/thumb/v7-m/nofp\libc.a
LOAD C:/ST/STM32CubeIDE_1.12.0/STM32CubeIDE/plugins/com.st.stm32cube.ide.mcu.externaltools.gnu-tools-for-stm32.11.3.rel1.win32_1.1.1.202309131626/tools/bin/../lib/gcc/arm-none-eabi/11.3.1/../../../../arm-none-eabi/lib/thumb/v7-m/nofp\libm.a
LOAD C:/ST/STM32CubeIDE_1.12.0/STM32CubeIDE/plugins/com.st.stm32cube.ide.mcu.externaltools.gnu-tools-for-stm32.11.3.rel1.win32_1.1.1.202309131626/tools/bin/../lib/gcc/arm-none-eabi/11.3.1/thumb/v7-m/nofp\libgcc.a

.comment        0x0000000000000000       0x43
 .comment       0x0000000000000000       0x43 C:/ST/STM32CubeIDE_1.12.0/STM32CubeIDE/plugins/com.st.stm32cube.ide.mcu.externaltools.gnu-tools-for-stm32.11.3.rel1.win32_1.1.1.202309131626/tools/bin/../lib/gcc/arm-none-eabi/11.3.1/thumb/v7-m/nofp/crtbegin.o
                                         0x44 (size before relaxing)
 .comment       0x0000000000000043       0x44 ./Core/Src/heap_2.o
 .comment       0x0000000000000043       0x44 ./Core/Src/list.o
 .comment       0x0000000000000043       0x44 ./Core/Src/main.o
 .comment       0x0000000000000043       0x44 ./Core/Src/port.o
 .comment       0x0000000000000043       0x44 ./Core/Src/queue.o
 .comment       0x0000000000000043       0x44 ./Core/Src/stm32f1xx_it.o
 .comment       0x0000000000000043       0x44 ./Core/Src/system_stm32f1xx.o
 .comment       0x0000000000000043       0x44 ./Core/Src/tasks.o

.debug_info     0x0000000000000000     0x3916
 .debug_info    0x0000000000000000      0x302 ./Core/Src/heap_2.o
 .debug_info    0x0000000000000302      0x2a5 ./Core/Src/list.o
 .debug_info    0x00000000000005a7      0x572 ./Core/Src/main.o
 .debug_info    0x0000000000000b19      0x2cc ./Core/Src/port.o
 .debug_info    0x0000000000000de5      0xe70 ./Core/Src/queue.o
 .debug_info    0x0000000000001c55      0x113 ./Core/Src/stm32f1xx_it.o
 .debug_info    0x0000000000001d68      0x222 ./Core/Src/system_stm32f1xx.o
 .debug_info    0x0000000000001f8a     0x1969 ./Core/Src/tasks.o
 .debug_info    0x00000000000038f3       0x23 ./Core/Startup/startup_stm32f103c8tx.o

.debug_abbrev   0x0000000000000000      0xe73
 .debug_abbrev  0x0000000000000000      0x193 ./Core/Src/heap_2.o
 .debug_abbrev  0x0000000000000193       0xee ./Core/Src/list.o
 .debug_abbrev  0x0000000000000281      0x1f0 ./Core/Src/main.o
 .debug_abbrev  0x0000000000000471      0x1f3 ./Core/Src/port.o
 .debug_abbrev  0x0000000000000664      0x2b3 ./Core/Src/queue.o
 .debug_abbrev  0x0000000000000917       0x73 ./Core/Src/stm32f1xx_it.o
 .debug_abbrev  0x000000000000098a      0x13f ./Core/Src/system_stm32f1xx.o
 .debug_abbrev  0x0000000000000ac9      0x398 ./Core/Src/tasks.o
 .debug_abbrev  0x0000000000000e61       0x12 ./Core/Startup/startup_stm32f103c8tx.o

.debug_aranges  0x0000000000000000      0x490
 .debug_aranges
                0x0000000000000000       0x40 ./Core/Src/heap_2.o
 .debug_aranges
                0x0000000000000040       0x40 ./Core/Src/list.o
 .debug_aranges
                0x0000000000000080       0x40 ./Core/Src/main.o
 .debug_aranges
                0x00000000000000c0       0x70 ./Core/Src/port.o
 .debug_aranges
                0x0000000000000130       0xe0 ./Core/Src/queue.o
 .debug_aranges
                0x0000000000000210       0x60 ./Core/Src/stm32f1xx_it.o
 .debug_aranges
                0x0000000000000270       0x28 ./Core/Src/system_stm32f1xx.o
 .debug_aranges
                0x0000000000000298      0x1d0 ./Core/Src/tasks.o
 .debug_aranges
                0x0000000000000468       0x28 ./Core/Startup/startup_stm32f103c8tx.o

.debug_rnglists
                0x0000000000000000      0x365
 .debug_rnglists
                0x0000000000000000       0x2c ./Core/Src/heap_2.o
 .debug_rnglists
                0x000000000000002c       0x2b ./Core/Src/list.o
 .debug_rnglists
                0x0000000000000057       0x2b ./Core/Src/main.o
 .debug_rnglists
                0x0000000000000082       0x4f ./Core/Src/port.o
 .debug_rnglists
                0x00000000000000d1       0xab ./Core/Src/queue.o
 .debug_rnglists
                0x000000000000017c       0x43 ./Core/Src/stm32f1xx_it.o
 .debug_rnglists
                0x00000000000001bf       0x1a ./Core/Src/system_stm32f1xx.o
 .debug_rnglists
                0x00000000000001d9      0x173 ./Core/Src/tasks.o
 .debug_rnglists
                0x000000000000034c       0x19 ./Core/Startup/startup_stm32f103c8tx.o

.debug_macro    0x0000000000000000    0x14b14
 .debug_macro   0x0000000000000000      0x1b6 ./Core/Src/heap_2.o
 .debug_macro   0x00000000000001b6      0x188 ./Core/Src/list.o
 .debug_macro   0x000000000000033e      0x200 ./Core/Src/main.o
 .debug_macro   0x000000000000053e      0x209 ./Core/Src/main.o
 .debug_macro   0x0000000000000747       0x2e ./Core/Src/main.o
 .debug_macro   0x0000000000000775       0x22 ./Core/Src/main.o
 .debug_macro   0x0000000000000797       0x1c ./Core/Src/main.o
 .debug_macro   0x00000000000007b3       0x22 ./Core/Src/main.o
 .debug_macro   0x00000000000007d5       0xbd ./Core/Src/main.o
 .debug_macro   0x0000000000000892      0xd23 ./Core/Src/main.o
 .debug_macro   0x00000000000015b5     0xe09e ./Core/Src/main.o
 .debug_macro   0x000000000000f653       0x6d ./Core/Src/main.o
 .debug_macro   0x000000000000f6c0     0x348d ./Core/Src/main.o
 .debug_macro   0x0000000000012b4d       0x5c ./Core/Src/main.o
 .debug_macro   0x0000000000012ba9      0x5bc ./Core/Src/main.o
 .debug_macro   0x0000000000013165      0x289 ./Core/Src/main.o
 .debug_macro   0x00000000000133ee      0x1cb ./Core/Src/main.o
 .debug_macro   0x00000000000135b9      0x114 ./Core/Src/main.o
 .debug_macro   0x00000000000136cd      0x1b2 ./Core/Src/main.o
 .debug_macro   0x000000000001387f       0x27 ./Core/Src/main.o
 .debug_macro   0x00000000000138a6      0x136 ./Core/Src/main.o
 .debug_macro   0x00000000000139dc      0x1bc ./Core/Src/main.o
 .debug_macro   0x0000000000013b98       0x34 ./Core/Src/main.o
 .debug_macro   0x0000000000013bcc       0x3c ./Core/Src/main.o
 .debug_macro   0x0000000000013c08       0x57 ./Core/Src/main.o
 .debug_macro   0x0000000000013c5f       0x87 ./Core/Src/main.o
 .debug_macro   0x0000000000013ce6      0x240 ./Core/Src/main.o
 .debug_macro   0x0000000000013f26      0x140 ./Core/Src/main.o
 .debug_macro   0x0000000000014066       0x83 ./Core/Src/main.o
 .debug_macro   0x00000000000140e9       0x94 ./Core/Src/main.o
 .debug_macro   0x000000000001417d      0x176 ./Core/Src/port.o
 .debug_macro   0x00000000000142f3      0x213 ./Core/Src/queue.o
 .debug_macro   0x0000000000014506       0x16 ./Core/Src/queue.o
 .debug_macro   0x000000000001451c       0x35 ./Core/Src/queue.o
 .debug_macro   0x0000000000014551       0x20 ./Core/Src/queue.o
 .debug_macro   0x0000000000014571      0x198 ./Core/Src/stm32f1xx_it.o
 .debug_macro   0x0000000000014709      0x184 ./Core/Src/system_stm32f1xx.o
 .debug_macro   0x000000000001488d      0x276 ./Core/Src/tasks.o
 .debug_macro   0x0000000000014b03       0x11 ./Core/Src/tasks.o

.debug_line     0x0000000000000000     0x5066
 .debug_line    0x0000000000000000      0x74e ./Core/Src/heap_2.o
 .debug_line    0x000000000000074e      0x6fb ./Core/Src/list.o
 .debug_line    0x0000000000000e49      0x82c ./Core/Src/main.o
 .debug_line    0x0000000000001675      0x63f ./Core/Src/port.o
 .debug_line    0x0000000000001cb4      0xd67 ./Core/Src/queue.o
 .debug_line    0x0000000000002a1b      0x776 ./Core/Src/stm32f1xx_it.o
 .debug_line    0x0000000000003191      0x732 ./Core/Src/system_stm32f1xx.o
 .debug_line    0x00000000000038c3     0x172a ./Core/Src/tasks.o
 .debug_line    0x0000000000004fed       0x79 ./Core/Startup/startup_stm32f103c8tx.o

.debug_str      0x0000000000000000    0x8472a
 .debug_str     0x0000000000000000     0xa7fd ./Core/Src/heap_2.o
                                       0xaa1c (size before relaxing)
 .debug_str     0x000000000000a7fd      0x12a ./Core/Src/list.o
                                       0xa1d3 (size before relaxing)
 .debug_str     0x000000000000a927    0x7756e ./Core/Src/main.o
                                      0x7eb59 (size before relaxing)
 .debug_str     0x0000000000081e95      0x650 ./Core/Src/port.o
                                       0x7b28 (size before relaxing)
 .debug_str     0x00000000000824e5      0x757 ./Core/Src/queue.o
                                       0xb7dc (size before relaxing)
 .debug_str     0x0000000000082c3c       0x9e ./Core/Src/stm32f1xx_it.o
                                      0x7ac5d (size before relaxing)
 .debug_str     0x0000000000082cda       0x7e ./Core/Src/system_stm32f1xx.o
                                      0x7ac73 (size before relaxing)
 .debug_str     0x0000000000082d58     0x199e ./Core/Src/tasks.o
                                       0xc502 (size before relaxing)
 .debug_str     0x00000000000846f6       0x34 ./Core/Startup/startup_stm32f103c8tx.o
                                         0x90 (size before relaxing)

.debug_frame    0x0000000000000000     0x1100
 .debug_frame   0x0000000000000000       0xc0 ./Core/Src/heap_2.o
 .debug_frame   0x00000000000000c0       0xd8 ./Core/Src/list.o
 .debug_frame   0x0000000000000198       0xac ./Core/Src/main.o
 .debug_frame   0x0000000000000244      0x154 ./Core/Src/port.o
 .debug_frame   0x0000000000000398      0x3ac ./Core/Src/queue.o
 .debug_frame   0x0000000000000744      0x104 ./Core/Src/stm32f1xx_it.o
 .debug_frame   0x0000000000000848       0x58 ./Core/Src/system_stm32f1xx.o
 .debug_frame   0x00000000000008a0      0x7ec ./Core/Src/tasks.o
 .debug_frame   0x000000000000108c       0x20 C:/ST/STM32CubeIDE_1.12.0/STM32CubeIDE/plugins/com.st.stm32cube.ide.mcu.externaltools.gnu-tools-for-stm32.11.3.rel1.win32_1.1.1.202309131626/tools/bin/../lib/gcc/arm-none-eabi/11.3.1/../../../../arm-none-eabi/lib/thumb/v7-m/nofp\libc_nano.a(libc_a-memset.o)
 .debug_frame   0x00000000000010ac       0x2c C:/ST/STM32CubeIDE_1.12.0/STM32CubeIDE/plugins/com.st.stm32cube.ide.mcu.externaltools.gnu-tools-for-stm32.11.3.rel1.win32_1.1.1.202309131626/tools/bin/../lib/gcc/arm-none-eabi/11.3.1/../../../../arm-none-eabi/lib/thumb/v7-m/nofp\libc_nano.a(libc_a-init.o)
 .debug_frame   0x00000000000010d8       0x28 C:/ST/STM32CubeIDE_1.12.0/STM32CubeIDE/plugins/com.st.stm32cube.ide.mcu.externaltools.gnu-tools-for-stm32.11.3.rel1.win32_1.1.1.202309131626/tools/bin/../lib/gcc/arm-none-eabi/11.3.1/../../../../arm-none-eabi/lib/thumb/v7-m/nofp\libc_nano.a(libc_a-memcpy-stub.o)

.debug_line_str
                0x0000000000000000       0x84
 .debug_line_str
                0x0000000000000000       0x84 ./Core/Startup/startup_stm32f103c8tx.o
                                         0x9c (size before relaxing)
