23:50:06 **** Incremental Build of configuration Debug for project EXTIN ****
make -j8 all 
arm-none-eabi-g++ "../Core/Src/main.cpp" -mcpu=cortex-m3 -std=gnu++14 -g3 -DDEBUG -DUSE_HAL_DRIVER -DSTM32F103xB -c -I../Core/Inc -I../Drivers/STM32F1xx_HAL_Driver/Inc -I../Drivers/STM32F1xx_HAL_Driver/Inc/Legacy -I../Drivers/CMSIS/Device/ST/STM32F1xx/Include -I../Drivers/CMSIS/Include -O0 -ffunction-sections -fdata-sections -fno-exceptions -fno-rtti -fno-use-cxa-atexit -Wall -fstack-usage -fcyclomatic-complexity -MMD -MP -MF"Core/Src/main.d" -MT"Core/Src/main.o" --specs=nano.specs -mfloat-abi=soft -mthumb -o "Core/Src/main.o"
arm-none-eabi-g++ -o "EXTIN.elf" @"objects.list"   -mcpu=cortex-m3 -T"D:\Embedded\C++ ARM\Interfacing\EXTIN\STM32F103C8TX_FLASH.ld" --specs=nosys.specs -Wl,-Map="EXTIN.map" -Wl,--gc-sections -static --specs=nano.specs -mfloat-abi=soft -mthumb -Wl,--start-group -lc -lm -lstdc++ -lsupc++ -Wl,--end-group
Finished building target: EXTIN.elf
 
arm-none-eabi-size   EXTIN.elf 
arm-none-eabi-objdump -h -S  EXTIN.elf  > "EXTIN.list"
   text	   data	    bss	    dec	    hex	filename
    820	     12	   1572	   2404	    964	EXTIN.elf
Finished building: default.size.stdout
 
Finished building: EXTIN.list
 
arm-none-eabi-objcopy -O ihex EXTIN.elf EXTIN.hex
 

23:50:10 Build Finished. 0 errors, 0 warnings. (took 3s.670ms)

