09:44:46 **** Incremental Build of configuration Debug for project FreeRTOS_Semaphore ****
make -j8 all 
arm-none-eabi-gcc -o "FreeRTOS_Semaphore.elf" @"objects.list"   -mcpu=cortex-m3 -T"E:\Embedded\Modern C++\Interfacing\FreeRTOS_Semaphore\STM32F103C8TX_FLASH.ld" --specs=nosys.specs -Wl,-Map="FreeRTOS_Semaphore.map" -Wl,--gc-sections -static --specs=nano.specs -mfloat-abi=soft -mthumb -Wl,--start-group -lc -lm -Wl,--end-group
Finished building target: FreeRTOS_Semaphore.elf
 
arm-none-eabi-size   FreeRTOS_Semaphore.elf 
arm-none-eabi-objdump -h -S  FreeRTOS_Semaphore.elf  > "FreeRTOS_Semaphore.list"
arm-none-eabi-objcopy  -O ihex  FreeRTOS_Semaphore.elf  "FreeRTOS_Semaphore.hex"
   text	   data	    bss	    dec	    hex	filename
   8068	     20	  12108	  20196	   4ee4	FreeRTOS_Semaphore.elf
Finished building: default.size.stdout
 
Finished building: FreeRTOS_Semaphore.list
 
Finished building: FreeRTOS_Semaphore.hex
 

09:44:47 Build Finished. 0 errors, 0 warnings. (took 1s.92ms)

