14:14:46 **** Incremental Build of configuration Debug for project GPIO ****
make -j8 all 
arm-none-eabi-g++ "../Core/Src/main.cpp" -mcpu=cortex-m3 -std=gnu++14 -g3 -DDEBUG -DUSE_HAL_DRIVER -DSTM32F103xB -c -I../Core/Inc -I../Drivers/STM32F1xx_HAL_Driver/Inc/Legacy -I../Drivers/STM32F1xx_HAL_Driver/Inc -I../Drivers/CMSIS/Device/ST/STM32F1xx/Include -I../Drivers/CMSIS/Include -O0 -ffunction-sections -fdata-sections -fno-exceptions -fno-rtti -fno-use-cxa-atexit -Wall -fstack-usage -fcyclomatic-complexity -MMD -MP -MF"Core/Src/main.d" -MT"Core/Src/main.o" --specs=nano.specs -mfloat-abi=soft -mthumb -o "Core/Src/main.o"
../Core/Src/main.cpp:74:9: warning: extra tokens at end of #endif directive [-Wendif-labels]
   74 | #endif  USE_FULL_ASSERT
      |         ^~~~~~~~~~~~~~~
arm-none-eabi-g++ -o "GPIO.elf" @"objects.list"   -mcpu=cortex-m3 -T"D:\Embedded\C++ ARM\Interfacing\GPIO\STM32F103C8TX_FLASH.ld" --specs=nosys.specs -Wl,-Map="GPIO.map" -Wl,--gc-sections -static --specs=nano.specs -mfloat-abi=soft -mthumb -Wl,--start-group -lc -lm -lstdc++ -lsupc++ -Wl,--end-group
Finished building target: GPIO.elf
 
arm-none-eabi-size   GPIO.elf 
arm-none-eabi-objdump -h -S  GPIO.elf  > "GPIO.list"
   text	   data	    bss	    dec	    hex	filename
   3564	     20	   1572	   5156	   1424	GPIO.elf
Finished building: default.size.stdout
 
Finished building: GPIO.list
 

14:14:48 Build Finished. 0 errors, 1 warnings. (took 2s.168ms)

